// Jest Snapshot v1, https://goo.gl/fbAQLP

exports[`while running in a browser environment should multiple and nested render correctly 1`] = `
<div>
  <div
    style={
      Object {
        "display": "inline",
      }
    }
  >
    <div>
      <span>
        Drag Me!
      </span>
      <div
        style={
          Object {
            "display": "inline",
          }
        }
      >
        <span>
          Drag Me!
        </span>
      </div>
    </div>
  </div>
  <div
    style={
      Object {
        "display": "inline",
      }
    }
  >
    <span>
      Drag Me!
    </span>
  </div>
</div>
`;

exports[`while running in a browser environment should render correctly 1`] = `
<div>
  <div
    style={
      Object {
        "display": "inline",
      }
    }
  >
    <span>
      Drag Me!
    </span>
  </div>
</div>
`;

exports[`while running in a browser environment should render correctly with provider 1`] = `
<div
  style={
    Object {
      "display": "inline",
    }
  }
>
  <span>
    Drag Me!
  </span>
</div>
`;
